/* src/first-match-to-end.txt */

foo
</nope>

<extract-start>
bar
</nope>

<extract-start>
baz
