<b:if cond='!data:view.isLayoutMode'>
<style>
.element {
  display: block;
}
</style>
</b:if>

<div>
  <div>
<b:if cond='!data:view.isLayoutMode'>
<b:skin>
<![CDATA[
.style1 {
  display: block;
}

.style2 {
  display: block;
}
]]>
</b:skin>
</b:if>
  </div>
</div>

<div>
  <div>
<script>
//<![CDATA[
console.log('script 1');

console.log('script 2');
//]]>
</script>
  </div>
</div>

<div>test</div>
