<!-- CSS: Default -->

<b:if cond='!data:view.isLayoutMode'>
<style>
.element {
  display: block;
}
</style>
</b:if>

<div>
  <div>
<b:if cond='!data:view.isLayoutMode'>
<b:skin>
<![CDATA[
.element {
  display: block;
}
]]>
</b:skin>
</b:if>
  </div>
</div>

<!-- CSS: Files -->

<b:if cond='!data:view.isLayoutMode'>
<style>
.style1 {
  display: block;
}
.style2 {
  display: block;
}
</style>
</b:if>

<div>
  <div>
<b:if cond='!data:view.isLayoutMode'>
<b:skin>
<![CDATA[
.style1 {
  display: block;
}

.style2 {
  display: block;
}
]]>
</b:skin>
</b:if>
  </div>
</div>

<!-- JS: Default -->

<script>
//<![CDATA[
console.log('Hello, world!');
//]]>
</script>

<div>
  <div>
<script>
//<![CDATA[
console.log('Hello, world!');
//]]>
</script>
  </div>
</div>

<!-- JS: Files -->

<script>
//<![CDATA[
console.log('script 1');

console.log('script 2');
//]]>
</script>

<div>
  <div>
<script>
//<![CDATA[
console.log('script 1');
console.log('script 2');
//]]>
</script>
  </div>
</div>

<!-- Newline -->

<b:if cond='!data:view.isLayoutMode'>
<style>


.newline {
  display: block;
}


</style>
</b:if>

<b:if cond='!data:view.isLayoutMode'>
<style>
.newline-file {
  display: block;
}
</style>
</b:if>

<!-- In-partial -->

<b:if cond='!data:view.isLayoutMode'>
<style>
.element {
  display: block;
}
</style>
</b:if>

<div>
  <div>
<b:if cond='!data:view.isLayoutMode'>
<b:skin>
<![CDATA[
.style1 {
  display: block;
}

.style2 {
  display: block;
}
]]>
</b:skin>
</b:if>
  </div>
</div>
