<div>
  <div>a</div>
  <div>b</div>
  <div>c</div>
  <div>d</div>

  <div>a</div>
  <div>b</div>
  <div>c</div>
  <div>d</div>

  <div>a</div>
  <div>b</div>
  <div>c</div>
  <div>d</div>

  <div>a</div>
  <div>b</div>
  <div>c</div>
  <div>d</div>

  <div>a</div>
  <div>b</div>
  <div>c</div>
  <div>d</div>

  <div>x</div>
  <div>dir/x</div>
  <div>x1/x</div>
  <div>x2/x</div>
</div>
